

================================================================
== Vivado HLS Report for 'GEMM_3D_float_1'
================================================================
* Date:           Wed Nov 27 14:05:58 2024

* Version:        2019.2 (Build 2704478 on Wed Nov 06 22:10:23 MST 2019)
* Project:        attention.prj
* Solution:       solution1
* Product family: zynq
* Target device:  xc7z020-clg484-1


================================================================
== Performance Estimates
================================================================
+ Timing: 
    * Summary: 
    +--------+----------+----------+------------+
    |  Clock |  Target  | Estimated| Uncertainty|
    +--------+----------+----------+------------+
    |ap_clk  | 10.00 ns | 8.510 ns |   1.25 ns  |
    +--------+----------+----------+------------+

+ Latency: 
    * Summary: 
    +---------+---------+----------+----------+-------+-------+---------+
    |  Latency (cycles) |  Latency (absolute) |    Interval   | Pipeline|
    |   min   |   max   |    min   |    max   |  min  |  max  |   Type  |
    +---------+---------+----------+----------+-------+-------+---------+
    |    49185|    49185| 0.492 ms | 0.492 ms |  49185|  49185|   none  |
    +---------+---------+----------+----------+-------+-------+---------+

    + Detail: 
        * Instance: 
        N/A

        * Loop: 
        +---------------------------+---------+---------+----------+-----------+-----------+------+----------+
        |                           |  Latency (cycles) | Iteration|  Initiation Interval  | Trip |          |
        |         Loop Name         |   min   |   max   |  Latency |  achieved |   target  | Count| Pipelined|
        +---------------------------+---------+---------+----------+-----------+-----------+------+----------+
        |- GEMM_3D_FLOAT_LOOP_1     |    49184|    49184|      3074|          -|          -|    16|    no    |
        | + GEMM_3D_FLOAT_LOOP_3    |     3072|     3072|        32|          -|          -|    96|    no    |
        |  ++ GEMM_3D_FLOAT_LOOP_4  |       30|       30|         5|          -|          -|     6|    no    |
        +---------------------------+---------+---------+----------+-----------+-----------+------+----------+

============================================================
+ Verbose Summary: Synthesis Manager
============================================================
InlineROM: 1
ExposeGlobal: 0
============================================================
+ Verbose Summary: CDFG Model
============================================================
IsTopModel: 0
ResetActiveHigh: 1
IsCombinational: 0
IsDatapathOnly: 0
HasWiredReturn: 1
HasMFsm: 0
HasVarLatency: 1
IsPipeline: 0
IsRtlPipelined: 0
IsInstanceOverlapped: 0
IsDontTouch: 0
HasImplIP: 0
IsGatedGlobalClock: 0


============================================================
+ Verbose Summary: Schedule
============================================================
* Number of FSM states : 8
* Pipeline : 0
* Dataflow Pipeline: 0

* FSM state transitions: 
1 --> 2 
2 --> 3 
3 --> 4 2 
4 --> 5 3 
5 --> 6 
6 --> 7 
7 --> 8 
8 --> 4 

* FSM state operations: 

State 1 <SV = 0> <Delay = 1.76>
ST_1 : Operation 9 [1/1] (1.76ns)   --->   "br label %1" [./layer.h:270]   --->   Operation 9 'br' <Predicate = true> <Delay = 1.76>

State 2 <SV = 1> <Delay = 1.91>
ST_2 : Operation 10 [1/1] (0.00ns)   --->   "%i_0 = phi i5 [ 0, %0 ], [ %i, %GEMM_3D_FLOAT_LOOP_2_end ]"   --->   Operation 10 'phi' 'i_0' <Predicate = true> <Delay = 0.00>
ST_2 : Operation 11 [1/1] (1.36ns)   --->   "%icmp_ln270 = icmp eq i5 %i_0, -16" [./layer.h:270]   --->   Operation 11 'icmp' 'icmp_ln270' <Predicate = true> <Delay = 1.36> <Core = "Cmp">   --->   Core 25 'Cmp' <Latency = 0> <II = 1> <Delay = 1.13> <FuncUnit> <Opcode : 'icmp'> <InPorts = 2> <OutPorts = 1>
ST_2 : Operation 12 [1/1] (0.00ns)   --->   "%empty = call i32 (...)* @_ssdm_op_SpecLoopTripCount(i64 16, i64 16, i64 16)"   --->   Operation 12 'speclooptripcount' 'empty' <Predicate = true> <Delay = 0.00>
ST_2 : Operation 13 [1/1] (1.78ns)   --->   "%i = add i5 %i_0, 1" [./layer.h:270]   --->   Operation 13 'add' 'i' <Predicate = true> <Delay = 1.78> <Core = "AddSub">   --->   Core 14 'AddSub' <Latency = 0> <II = 1> <Delay = 3.31> <FuncUnit> <Opcode : 'add' 'sub'> <InPorts = 2> <OutPorts = 1>
ST_2 : Operation 14 [1/1] (0.00ns)   --->   "br i1 %icmp_ln270, label %4, label %GEMM_3D_FLOAT_LOOP_2_begin" [./layer.h:270]   --->   Operation 14 'br' <Predicate = true> <Delay = 0.00>
ST_2 : Operation 15 [1/1] (0.00ns)   --->   "call void (...)* @_ssdm_op_SpecLoopName([21 x i8]* @p_str17) nounwind" [./layer.h:270]   --->   Operation 15 'specloopname' <Predicate = (!icmp_ln270)> <Delay = 0.00>
ST_2 : Operation 16 [1/1] (0.00ns)   --->   "%tmp_73 = call i8 @_ssdm_op_BitConcatenate.i8.i5.i3(i5 %i_0, i3 0)" [./layer.h:275]   --->   Operation 16 'bitconcatenate' 'tmp_73' <Predicate = (!icmp_ln270)> <Delay = 0.00>
ST_2 : Operation 17 [1/1] (0.00ns)   --->   "%zext_ln1116 = zext i8 %tmp_73 to i9" [./layer.h:275]   --->   Operation 17 'zext' 'zext_ln1116' <Predicate = (!icmp_ln270)> <Delay = 0.00>
ST_2 : Operation 18 [1/1] (0.00ns)   --->   "%tmp_74 = call i6 @_ssdm_op_BitConcatenate.i6.i5.i1(i5 %i_0, i1 false)" [./layer.h:275]   --->   Operation 18 'bitconcatenate' 'tmp_74' <Predicate = (!icmp_ln270)> <Delay = 0.00>
ST_2 : Operation 19 [1/1] (0.00ns)   --->   "%zext_ln1116_2 = zext i6 %tmp_74 to i9" [./layer.h:275]   --->   Operation 19 'zext' 'zext_ln1116_2' <Predicate = (!icmp_ln270)> <Delay = 0.00>
ST_2 : Operation 20 [1/1] (1.91ns)   --->   "%sub_ln1116 = sub i9 %zext_ln1116, %zext_ln1116_2" [./layer.h:275]   --->   Operation 20 'sub' 'sub_ln1116' <Predicate = (!icmp_ln270)> <Delay = 1.91> <Core = "AddSub">   --->   Core 14 'AddSub' <Latency = 0> <II = 1> <Delay = 3.31> <FuncUnit> <Opcode : 'add' 'sub'> <InPorts = 2> <OutPorts = 1>
ST_2 : Operation 21 [1/1] (0.00ns)   --->   "%sext_ln1116 = sext i9 %sub_ln1116 to i10" [./layer.h:275]   --->   Operation 21 'sext' 'sext_ln1116' <Predicate = (!icmp_ln270)> <Delay = 0.00>
ST_2 : Operation 22 [1/1] (0.00ns)   --->   "%tmp_75 = call i12 @_ssdm_op_BitConcatenate.i12.i5.i7(i5 %i_0, i7 0)" [./layer.h:273]   --->   Operation 22 'bitconcatenate' 'tmp_75' <Predicate = (!icmp_ln270)> <Delay = 0.00>
ST_2 : Operation 23 [1/1] (0.00ns)   --->   "%tmp_76 = call i10 @_ssdm_op_BitConcatenate.i10.i5.i5(i5 %i_0, i5 0)" [./layer.h:273]   --->   Operation 23 'bitconcatenate' 'tmp_76' <Predicate = (!icmp_ln270)> <Delay = 0.00>
ST_2 : Operation 24 [1/1] (0.00ns)   --->   "%zext_ln203 = zext i10 %tmp_76 to i12" [./layer.h:273]   --->   Operation 24 'zext' 'zext_ln203' <Predicate = (!icmp_ln270)> <Delay = 0.00>
ST_2 : Operation 25 [1/1] (1.54ns)   --->   "%sub_ln203 = sub i12 %tmp_75, %zext_ln203" [./layer.h:273]   --->   Operation 25 'sub' 'sub_ln203' <Predicate = (!icmp_ln270)> <Delay = 1.54> <Core = "AddSub">   --->   Core 14 'AddSub' <Latency = 0> <II = 1> <Delay = 3.31> <FuncUnit> <Opcode : 'add' 'sub'> <InPorts = 2> <OutPorts = 1>
ST_2 : Operation 26 [1/1] (0.00ns)   --->   "%tmp = call i32 (...)* @_ssdm_op_SpecRegionBegin([21 x i8]* @p_str18)" [./layer.h:271]   --->   Operation 26 'specregionbegin' 'tmp' <Predicate = (!icmp_ln270)> <Delay = 0.00>
ST_2 : Operation 27 [1/1] (1.76ns)   --->   "br label %2" [./layer.h:272]   --->   Operation 27 'br' <Predicate = (!icmp_ln270)> <Delay = 1.76>
ST_2 : Operation 28 [1/1] (0.00ns)   --->   "ret void" [./layer.h:279]   --->   Operation 28 'ret' <Predicate = (icmp_ln270)> <Delay = 0.00>

State 3 <SV = 2> <Delay = 1.87>
ST_3 : Operation 29 [1/1] (0.00ns)   --->   "%k_0_0 = phi i7 [ 0, %GEMM_3D_FLOAT_LOOP_2_begin ], [ %add_ln272, %GEMM_3D_FLOAT_LOOP_3_end ]" [./layer.h:272]   --->   Operation 29 'phi' 'k_0_0' <Predicate = true> <Delay = 0.00>
ST_3 : Operation 30 [1/1] (1.48ns)   --->   "%icmp_ln272 = icmp eq i7 %k_0_0, -32" [./layer.h:272]   --->   Operation 30 'icmp' 'icmp_ln272' <Predicate = true> <Delay = 1.48> <Core = "Cmp">   --->   Core 25 'Cmp' <Latency = 0> <II = 1> <Delay = 1.13> <FuncUnit> <Opcode : 'icmp'> <InPorts = 2> <OutPorts = 1>
ST_3 : Operation 31 [1/1] (0.00ns)   --->   "%empty_487 = call i32 (...)* @_ssdm_op_SpecLoopTripCount(i64 96, i64 96, i64 96)"   --->   Operation 31 'speclooptripcount' 'empty_487' <Predicate = true> <Delay = 0.00>
ST_3 : Operation 32 [1/1] (1.87ns)   --->   "%add_ln272 = add i7 %k_0_0, 1" [./layer.h:272]   --->   Operation 32 'add' 'add_ln272' <Predicate = true> <Delay = 1.87> <Core = "AddSub">   --->   Core 14 'AddSub' <Latency = 0> <II = 1> <Delay = 3.31> <FuncUnit> <Opcode : 'add' 'sub'> <InPorts = 2> <OutPorts = 1>
ST_3 : Operation 33 [1/1] (0.00ns)   --->   "br i1 %icmp_ln272, label %GEMM_3D_FLOAT_LOOP_2_end, label %GEMM_3D_FLOAT_LOOP_3_begin" [./layer.h:272]   --->   Operation 33 'br' <Predicate = true> <Delay = 0.00>
ST_3 : Operation 34 [1/1] (0.00ns)   --->   "call void (...)* @_ssdm_op_SpecLoopName([21 x i8]* @p_str19) nounwind" [./layer.h:272]   --->   Operation 34 'specloopname' <Predicate = (!icmp_ln272)> <Delay = 0.00>
ST_3 : Operation 35 [1/1] (0.00ns)   --->   "%tmp_s = call i32 (...)* @_ssdm_op_SpecRegionBegin([21 x i8]* @p_str19)" [./layer.h:272]   --->   Operation 35 'specregionbegin' 'tmp_s' <Predicate = (!icmp_ln272)> <Delay = 0.00>
ST_3 : Operation 36 [1/1] (0.00ns)   --->   "%zext_ln203_14 = zext i7 %k_0_0 to i15" [./layer.h:273]   --->   Operation 36 'zext' 'zext_ln203_14' <Predicate = (!icmp_ln272)> <Delay = 0.00>
ST_3 : Operation 37 [1/1] (0.00ns)   --->   "%zext_ln203_15 = zext i7 %k_0_0 to i12" [./layer.h:273]   --->   Operation 37 'zext' 'zext_ln203_15' <Predicate = (!icmp_ln272)> <Delay = 0.00>
ST_3 : Operation 38 [1/1] (1.54ns)   --->   "%add_ln203 = add i12 %sub_ln203, %zext_ln203_15" [./layer.h:273]   --->   Operation 38 'add' 'add_ln203' <Predicate = (!icmp_ln272)> <Delay = 1.54> <Core = "AddSub">   --->   Core 14 'AddSub' <Latency = 0> <II = 1> <Delay = 3.31> <FuncUnit> <Opcode : 'add' 'sub'> <InPorts = 2> <OutPorts = 1>
ST_3 : Operation 39 [1/1] (0.00ns)   --->   "%sext_ln203 = sext i12 %add_ln203 to i64" [./layer.h:273]   --->   Operation 39 'sext' 'sext_ln203' <Predicate = (!icmp_ln272)> <Delay = 0.00>
ST_3 : Operation 40 [1/1] (0.00ns)   --->   "%output_0_V_addr = getelementptr [1536 x i40]* %output_0_V, i64 0, i64 %sext_ln203" [./layer.h:273]   --->   Operation 40 'getelementptr' 'output_0_V_addr' <Predicate = (!icmp_ln272)> <Delay = 0.00>
ST_3 : Operation 41 [1/1] (1.76ns)   --->   "br label %3" [./layer.h:274]   --->   Operation 41 'br' <Predicate = (!icmp_ln272)> <Delay = 1.76>
ST_3 : Operation 42 [1/1] (0.00ns)   --->   "%empty_486 = call i32 (...)* @_ssdm_op_SpecRegionEnd([21 x i8]* @p_str18, i32 %tmp)" [./layer.h:277]   --->   Operation 42 'specregionend' 'empty_486' <Predicate = (icmp_ln272)> <Delay = 0.00>
ST_3 : Operation 43 [1/1] (0.00ns)   --->   "br label %1" [./layer.h:270]   --->   Operation 43 'br' <Predicate = (icmp_ln272)> <Delay = 0.00>

State 4 <SV = 3> <Delay = 5.69>
ST_4 : Operation 44 [1/1] (0.00ns)   --->   "%output_0_V_load = phi i40 [ 0, %GEMM_3D_FLOAT_LOOP_3_begin ], [ %trunc_ln, %_ZN13ap_fixed_baseILi81ELi49ELb1EL9ap_q_mode5EL9ap_o_mode3ELi0EEC1ILi40ELi24ELb1ELS0_5ELS1_3ELi0EEERKS_IXT_EXT0_EXT1_EXT2_EXT3_EXT4_EE.exit.i.i.0 ]" [./layer.h:275]   --->   Operation 44 'phi' 'output_0_V_load' <Predicate = true> <Delay = 0.00>
ST_4 : Operation 45 [1/1] (0.00ns)   --->   "%l_0_0 = phi i3 [ 0, %GEMM_3D_FLOAT_LOOP_3_begin ], [ %add_ln274, %_ZN13ap_fixed_baseILi81ELi49ELb1EL9ap_q_mode5EL9ap_o_mode3ELi0EEC1ILi40ELi24ELb1ELS0_5ELS1_3ELi0EEERKS_IXT_EXT0_EXT1_EXT2_EXT3_EXT4_EE.exit.i.i.0 ]" [./layer.h:274]   --->   Operation 45 'phi' 'l_0_0' <Predicate = true> <Delay = 0.00>
ST_4 : Operation 46 [1/1] (3.25ns)   --->   "store i40 %output_0_V_load, i40* %output_0_V_addr, align 8" [./layer.h:275]   --->   Operation 46 'store' <Predicate = true> <Delay = 3.25> <Core = "RAM">   --->   Core 37 'RAM' <Latency = 1> <II = 1> <Delay = 3.25> <Storage> <Opcode : 'load' 'store'> <Ports = 2> <Width = 40> <Depth = 9216> <RAM>
ST_4 : Operation 47 [1/1] (1.13ns)   --->   "%icmp_ln274 = icmp eq i3 %l_0_0, -2" [./layer.h:274]   --->   Operation 47 'icmp' 'icmp_ln274' <Predicate = true> <Delay = 1.13> <Core = "Cmp">   --->   Core 25 'Cmp' <Latency = 0> <II = 1> <Delay = 1.13> <FuncUnit> <Opcode : 'icmp'> <InPorts = 2> <OutPorts = 1>
ST_4 : Operation 48 [1/1] (0.00ns)   --->   "%empty_489 = call i32 (...)* @_ssdm_op_SpecLoopTripCount(i64 6, i64 6, i64 6)"   --->   Operation 48 'speclooptripcount' 'empty_489' <Predicate = true> <Delay = 0.00>
ST_4 : Operation 49 [1/1] (1.65ns)   --->   "%add_ln274 = add i3 %l_0_0, 1" [./layer.h:274]   --->   Operation 49 'add' 'add_ln274' <Predicate = true> <Delay = 1.65> <Core = "AddSub">   --->   Core 14 'AddSub' <Latency = 0> <II = 1> <Delay = 3.31> <FuncUnit> <Opcode : 'add' 'sub'> <InPorts = 2> <OutPorts = 1>
ST_4 : Operation 50 [1/1] (0.00ns)   --->   "br i1 %icmp_ln274, label %GEMM_3D_FLOAT_LOOP_3_end, label %_ZN13ap_fixed_baseILi81ELi49ELb1EL9ap_q_mode5EL9ap_o_mode3ELi0EEC1ILi40ELi24ELb1ELS0_5ELS1_3ELi0EEERKS_IXT_EXT0_EXT1_EXT2_EXT3_EXT4_EE.exit.i.i.0" [./layer.h:274]   --->   Operation 50 'br' <Predicate = true> <Delay = 0.00>
ST_4 : Operation 51 [1/1] (0.00ns)   --->   "%zext_ln1116_3 = zext i3 %l_0_0 to i10" [./layer.h:275]   --->   Operation 51 'zext' 'zext_ln1116_3' <Predicate = (!icmp_ln274)> <Delay = 0.00>
ST_4 : Operation 52 [1/1] (1.82ns)   --->   "%add_ln1116 = add i10 %sext_ln1116, %zext_ln1116_3" [./layer.h:275]   --->   Operation 52 'add' 'add_ln1116' <Predicate = (!icmp_ln274)> <Delay = 1.82> <Core = "AddSub">   --->   Core 14 'AddSub' <Latency = 0> <II = 1> <Delay = 3.31> <FuncUnit> <Opcode : 'add' 'sub'> <InPorts = 2> <OutPorts = 1>
ST_4 : Operation 53 [1/1] (0.00ns)   --->   "%trunc_ln1117 = trunc i10 %add_ln1116 to i8" [./layer.h:275]   --->   Operation 53 'trunc' 'trunc_ln1117' <Predicate = (!icmp_ln274)> <Delay = 0.00>
ST_4 : Operation 54 [1/1] (0.00ns)   --->   "%p_shl4_cast = call i15 @_ssdm_op_BitConcatenate.i15.i8.i7(i8 %trunc_ln1117, i7 0)" [./layer.h:275]   --->   Operation 54 'bitconcatenate' 'p_shl4_cast' <Predicate = (!icmp_ln274)> <Delay = 0.00>
ST_4 : Operation 55 [1/1] (0.00ns)   --->   "%p_shl5_cast = call i15 @_ssdm_op_BitConcatenate.i15.i10.i5(i10 %add_ln1116, i5 0)" [./layer.h:275]   --->   Operation 55 'bitconcatenate' 'p_shl5_cast' <Predicate = (!icmp_ln274)> <Delay = 0.00>
ST_4 : Operation 56 [1/1] (0.00ns) (grouped into TernaryAdder)   --->   "%sub_ln1117 = sub i15 %p_shl4_cast, %p_shl5_cast" [./layer.h:275]   --->   Operation 56 'sub' 'sub_ln1117' <Predicate = (!icmp_ln274)> <Delay = 0.00> <Core = "TAddSub">   --->   Core 83 'TAddSub' <Latency = 0> <II = 1> <Delay = 1.93> <IPBlock> <Opcode : 'add' 'sub'> <InPorts = 3> <OutPorts = 1> <Sync> <CReg>
ST_4 : Operation 57 [1/1] (3.87ns) (root node of TernaryAdder)   --->   "%add_ln1117 = add i15 %sub_ln1117, %zext_ln203_14" [./layer.h:275]   --->   Operation 57 'add' 'add_ln1117' <Predicate = (!icmp_ln274)> <Delay = 3.87> <Core = "TAddSub">   --->   Core 83 'TAddSub' <Latency = 0> <II = 1> <Delay = 1.93> <IPBlock> <Opcode : 'add' 'sub'> <InPorts = 3> <OutPorts = 1> <Sync> <CReg>
ST_4 : Operation 58 [1/1] (0.00ns)   --->   "%empty_488 = call i32 (...)* @_ssdm_op_SpecRegionEnd([21 x i8]* @p_str19, i32 %tmp_s)" [./layer.h:276]   --->   Operation 58 'specregionend' 'empty_488' <Predicate = (icmp_ln274)> <Delay = 0.00>
ST_4 : Operation 59 [1/1] (0.00ns)   --->   "br label %2" [./layer.h:272]   --->   Operation 59 'br' <Predicate = (icmp_ln274)> <Delay = 0.00>

State 5 <SV = 4> <Delay = 3.25>
ST_5 : Operation 60 [1/1] (0.00ns)   --->   "%sext_ln1116_1 = sext i10 %add_ln1116 to i64" [./layer.h:275]   --->   Operation 60 'sext' 'sext_ln1116_1' <Predicate = true> <Delay = 0.00>
ST_5 : Operation 61 [1/1] (0.00ns)   --->   "%input_1_0_V_addr = getelementptr [96 x i40]* %input_1_0_V, i64 0, i64 %sext_ln1116_1" [./layer.h:275]   --->   Operation 61 'getelementptr' 'input_1_0_V_addr' <Predicate = true> <Delay = 0.00>
ST_5 : Operation 62 [1/1] (0.00ns)   --->   "%zext_ln1117 = zext i15 %add_ln1117 to i64" [./layer.h:275]   --->   Operation 62 'zext' 'zext_ln1117' <Predicate = true> <Delay = 0.00>
ST_5 : Operation 63 [1/1] (0.00ns)   --->   "%input_2_V_addr = getelementptr [9216 x i40]* %input_2_V, i64 0, i64 %zext_ln1117" [./layer.h:275]   --->   Operation 63 'getelementptr' 'input_2_V_addr' <Predicate = true> <Delay = 0.00>
ST_5 : Operation 64 [2/2] (3.25ns)   --->   "%input_1_0_V_load = load i40* %input_1_0_V_addr, align 8" [./layer.h:275]   --->   Operation 64 'load' 'input_1_0_V_load' <Predicate = true> <Delay = 3.25> <Core = "RAM">   --->   Core 37 'RAM' <Latency = 1> <II = 1> <Delay = 3.25> <Storage> <Opcode : 'load' 'store'> <Ports = 2> <Width = 40> <Depth = 9216> <RAM>
ST_5 : Operation 65 [2/2] (3.25ns)   --->   "%input_2_V_load = load i40* %input_2_V_addr, align 8" [./layer.h:275]   --->   Operation 65 'load' 'input_2_V_load' <Predicate = true> <Delay = 3.25> <Core = "RAM">   --->   Core 37 'RAM' <Latency = 1> <II = 1> <Delay = 3.25> <Storage> <Opcode : 'load' 'store'> <Ports = 2> <Width = 40> <Depth = 9216> <RAM>

State 6 <SV = 5> <Delay = 3.25>
ST_6 : Operation 66 [1/2] (3.25ns)   --->   "%input_1_0_V_load = load i40* %input_1_0_V_addr, align 8" [./layer.h:275]   --->   Operation 66 'load' 'input_1_0_V_load' <Predicate = true> <Delay = 3.25> <Core = "RAM">   --->   Core 37 'RAM' <Latency = 1> <II = 1> <Delay = 3.25> <Storage> <Opcode : 'load' 'store'> <Ports = 2> <Width = 40> <Depth = 9216> <RAM>
ST_6 : Operation 67 [1/2] (3.25ns)   --->   "%input_2_V_load = load i40* %input_2_V_addr, align 8" [./layer.h:275]   --->   Operation 67 'load' 'input_2_V_load' <Predicate = true> <Delay = 3.25> <Core = "RAM">   --->   Core 37 'RAM' <Latency = 1> <II = 1> <Delay = 3.25> <Storage> <Opcode : 'load' 'store'> <Ports = 2> <Width = 40> <Depth = 9216> <RAM>

State 7 <SV = 6> <Delay = 8.51>
ST_7 : Operation 68 [1/1] (0.00ns)   --->   "%sext_ln1192 = sext i40 %input_1_0_V_load to i56" [./layer.h:275]   --->   Operation 68 'sext' 'sext_ln1192' <Predicate = true> <Delay = 0.00>
ST_7 : Operation 69 [1/1] (0.00ns)   --->   "%sext_ln1192_1 = sext i40 %input_2_V_load to i56" [./layer.h:275]   --->   Operation 69 'sext' 'sext_ln1192_1' <Predicate = true> <Delay = 0.00>
ST_7 : Operation 70 [1/1] (8.51ns)   --->   "%mul_ln1192 = mul i56 %sext_ln1192_1, %sext_ln1192" [./layer.h:275]   --->   Operation 70 'mul' 'mul_ln1192' <Predicate = true> <Delay = 8.51> <Core = "Mul">   --->   Core 16 'Mul' <Latency = 0> <II = 1> <Delay = 8.51> <FuncUnit> <Opcode : 'mul'> <InPorts = 2> <OutPorts = 1>

State 8 <SV = 7> <Delay = 3.31>
ST_8 : Operation 71 [1/1] (0.00ns)   --->   "call void (...)* @_ssdm_op_SpecLoopName([21 x i8]* @p_str20) nounwind" [./layer.h:275]   --->   Operation 71 'specloopname' <Predicate = true> <Delay = 0.00>
ST_8 : Operation 72 [1/1] (0.00ns)   --->   "%shl_ln = call i56 @_ssdm_op_BitConcatenate.i56.i40.i16(i40 %output_0_V_load, i16 0)" [./layer.h:275]   --->   Operation 72 'bitconcatenate' 'shl_ln' <Predicate = true> <Delay = 0.00>
ST_8 : Operation 73 [1/1] (3.31ns)   --->   "%add_ln1192 = add i56 %mul_ln1192, %shl_ln" [./layer.h:275]   --->   Operation 73 'add' 'add_ln1192' <Predicate = true> <Delay = 3.31> <Core = "AddSub">   --->   Core 14 'AddSub' <Latency = 0> <II = 1> <Delay = 3.31> <FuncUnit> <Opcode : 'add' 'sub'> <InPorts = 2> <OutPorts = 1>
ST_8 : Operation 74 [1/1] (0.00ns)   --->   "%trunc_ln = call i40 @_ssdm_op_PartSelect.i40.i56.i32.i32(i56 %add_ln1192, i32 16, i32 55)" [./layer.h:275]   --->   Operation 74 'partselect' 'trunc_ln' <Predicate = true> <Delay = 0.00>
ST_8 : Operation 75 [1/1] (0.00ns)   --->   "br label %3" [./layer.h:274]   --->   Operation 75 'br' <Predicate = true> <Delay = 0.00>


============================================================
+ Verbose Summary: Timing violations
============================================================
Target clock period: 10ns, clock uncertainty: 1.25ns.

 <State 1>: 1.77ns
The critical path consists of the following:
	multiplexor before 'phi' operation ('i') with incoming values : ('i', ./layer.h:270) [6]  (1.77 ns)

 <State 2>: 1.92ns
The critical path consists of the following:
	'phi' operation ('i') with incoming values : ('i', ./layer.h:270) [6]  (0 ns)
	'sub' operation ('sub_ln1116', ./layer.h:275) [17]  (1.92 ns)

 <State 3>: 1.87ns
The critical path consists of the following:
	'phi' operation ('k_0_0', ./layer.h:272) with incoming values : ('add_ln272', ./layer.h:272) [26]  (0 ns)
	'add' operation ('add_ln272', ./layer.h:272) [29]  (1.87 ns)

 <State 4>: 5.7ns
The critical path consists of the following:
	'phi' operation ('l_0_0', ./layer.h:274) with incoming values : ('add_ln274', ./layer.h:274) [42]  (0 ns)
	'add' operation ('add_ln1116', ./layer.h:275) [51]  (1.82 ns)
	'sub' operation ('sub_ln1117', ./layer.h:275) [57]  (0 ns)
	'add' operation ('add_ln1117', ./layer.h:275) [58]  (3.87 ns)

 <State 5>: 3.25ns
The critical path consists of the following:
	'getelementptr' operation ('input_1_0_V_addr', ./layer.h:275) [53]  (0 ns)
	'load' operation ('input_1_0_V_load', ./layer.h:275) on array 'input_1_0_V' [61]  (3.25 ns)

 <State 6>: 3.25ns
The critical path consists of the following:
	'load' operation ('input_1_0_V_load', ./layer.h:275) on array 'input_1_0_V' [61]  (3.25 ns)

 <State 7>: 8.51ns
The critical path consists of the following:
	'mul' operation ('mul_ln1192', ./layer.h:275) [65]  (8.51 ns)

 <State 8>: 3.31ns
The critical path consists of the following:
	'add' operation ('add_ln1192', ./layer.h:275) [67]  (3.31 ns)


============================================================
+ Verbose Summary: Binding
============================================================
N/A
* FSMD analyzer results:
  - Output states:
 - Input state : 
  - Chain level:
	State 1
	State 2
	State 3
	State 4
	State 5
	State 6
	State 7
	State 8


============================================================
+ Verbose Summary: Datapath Resource usage 
============================================================
N/A
