

================================================================
== Vivado HLS Report for 'quantize_activation'
================================================================
* Date:           Thu Dec 12 00:47:14 2024

* Version:        2019.2 (Build 2704478 on Wed Nov 06 22:10:23 MST 2019)
* Project:        out.prj
* Solution:       solution1
* Product family: zynq
* Target device:  xc7z020-clg484-1


================================================================
== Performance Estimates
================================================================
+ Timing: 
    * Summary: 
    +--------+----------+----------+------------+
    |  Clock |  Target  | Estimated| Uncertainty|
    +--------+----------+----------+------------+
    |ap_clk  | 10.00 ns | 8.685 ns |   1.25 ns  |
    +--------+----------+----------+------------+

+ Latency: 
    * Summary: 
    +---------+---------+----------+----------+-------+-------+---------+
    |  Latency (cycles) |  Latency (absolute) |    Interval   | Pipeline|
    |   min   |   max   |    min   |    max   |  min  |  max  |   Type  |
    +---------+---------+----------+----------+-------+-------+---------+
    |    33046|    33046| 0.330 ms | 0.330 ms |  33046|  33046|   none  |
    +---------+---------+----------+----------+-------+-------+---------+

    + Detail: 
        * Instance: 
        N/A

        * Loop: 
        +--------------+---------+---------+----------+-----------+-----------+------+----------+
        |              |  Latency (cycles) | Iteration|  Initiation Interval  | Trip |          |
        |   Loop Name  |   min   |   max   |  Latency |  achieved |   target  | Count| Pipelined|
        +--------------+---------+---------+----------+-----------+-----------+------+----------+
        |- l_S_j_0_j   |     7680|     7680|         5|          -|          -|  1536|    no    |
        |- l_S_j_1_j1  |    25344|    25344|        66|          -|          -|   384|    no    |
        | + l_S_l_1_l  |       64|       64|        16|          -|          -|     4|    no    |
        +--------------+---------+---------+----------+-----------+-----------+------+----------+



================================================================
== Utilization Estimates
================================================================
* Summary: 
+-----------------+---------+-------+--------+-------+-----+
|       Name      | BRAM_18K| DSP48E|   FF   |  LUT  | URAM|
+-----------------+---------+-------+--------+-------+-----+
|DSP              |        -|      -|       -|      -|    -|
|Expression       |        -|      -|       0|   1602|    -|
|FIFO             |        -|      -|       -|      -|    -|
|Instance         |        -|      5|    1275|   2082|    -|
|Memory           |        -|      -|       -|      -|    -|
|Multiplexer      |        -|      -|       -|    307|    -|
|Register         |        -|      -|     498|      -|    -|
+-----------------+---------+-------+--------+-------+-----+
|Total            |        0|      5|    1773|   3991|    0|
+-----------------+---------+-------+--------+-------+-----+
|Available        |      280|    220|  106400|  53200|    0|
+-----------------+---------+-------+--------+-------+-----+
|Utilization (%)  |        0|      2|       1|      7|    0|
+-----------------+---------+-------+--------+-------+-----+

+ Detail: 
    * Instance: 
    +--------------------------+----------------------+---------+-------+-----+-----+-----+
    |         Instance         |        Module        | BRAM_18K| DSP48E|  FF | LUT | URAM|
    +--------------------------+----------------------+---------+-------+-----+-----+-----+
    |attention_fadd_32pcA_U33  |attention_fadd_32pcA  |        0|      2|  205|  390|    0|
    |attention_fcmp_32tde_U37  |attention_fcmp_32tde  |        0|      0|   66|  239|    0|
    |attention_fdiv_32rcU_U35  |attention_fdiv_32rcU  |        0|      0|  761|  994|    0|
    |attention_fmul_32qcK_U34  |attention_fmul_32qcK  |        0|      3|  143|  321|    0|
    |attention_fpext_3sc4_U36  |attention_fpext_3sc4  |        0|      0|  100|  138|    0|
    +--------------------------+----------------------+---------+-------+-----+-----+-----+
    |Total                     |                      |        0|      5| 1275| 2082|    0|
    +--------------------------+----------------------+---------+-------+-----+-----+-----+

    * DSP48E: 
    N/A

    * Memory: 
    N/A

    * FIFO: 
    N/A

    * Expression: 
    +---------------------------+----------+-------+---+-----+------------+------------+
    |       Variable Name       | Operation| DSP48E| FF| LUT | Bitwidth P0| Bitwidth P1|
    +---------------------------+----------+-------+---+-----+------------+------------+
    |add_ln100_fu_786_p2        |     +    |      0|  0|   13|          11|          11|
    |add_ln121_fu_800_p2        |     +    |      0|  0|   12|          12|          12|
    |add_ln339_fu_895_p2        |     +    |      0|  0|   15|           8|           9|
    |add_ln581_fu_547_p2        |     +    |      0|  0|   12|           6|          12|
    |add_ln70_fu_260_p2         |     +    |      0|  0|   13|          11|           1|
    |add_ln98_fu_752_p2         |     +    |      0|  0|   15|           9|           1|
    |add_ln99_fu_780_p2         |     +    |      0|  0|   12|           3|           1|
    |result_V_1_fu_981_p2       |     -    |      0|  0|   39|           1|          32|
    |sub_ln1311_fu_909_p2       |     -    |      0|  0|   15|           7|           8|
    |sub_ln461_fu_515_p2        |     -    |      0|  0|   61|           1|          54|
    |sub_ln575_fu_535_p2        |     -    |      0|  0|   12|          11|          12|
    |sub_ln581_fu_553_p2        |     -    |      0|  0|   12|           5|          12|
    |and_ln103_fu_838_p2        |    and   |      0|  0|    2|           1|           1|
    |and_ln215_fu_455_p2        |    and   |      0|  0|    2|           1|           1|
    |and_ln581_fu_657_p2        |    and   |      0|  0|    2|           1|           1|
    |and_ln582_fu_642_p2        |    and   |      0|  0|    2|           1|           1|
    |and_ln585_1_fu_674_p2      |    and   |      0|  0|    2|           1|           1|
    |and_ln585_fu_668_p2        |    and   |      0|  0|    2|           1|           1|
    |and_ln603_fu_691_p2        |    and   |      0|  0|    2|           1|           1|
    |and_ln72_fu_307_p2         |    and   |      0|  0|    2|           1|           1|
    |and_ln79_1_fu_408_p2       |    and   |      0|  0|    2|           1|           1|
    |and_ln79_fu_402_p2         |    and   |      0|  0|    2|           1|           1|
    |ashr_ln586_fu_604_p2       |   ashr   |      0|  0|  162|          54|          54|
    |icmp_ln103_1_fu_828_p2     |   icmp   |      0|  0|   18|          23|           1|
    |icmp_ln103_fu_822_p2       |   icmp   |      0|  0|   11|           8|           2|
    |icmp_ln112_fu_992_p2       |   icmp   |      0|  0|   18|          32|           9|
    |icmp_ln114_fu_1008_p2      |   icmp   |      0|  0|   18|          25|           1|
    |icmp_ln215_1_fu_445_p2     |   icmp   |      0|  0|   18|          23|           1|
    |icmp_ln215_fu_439_p2       |   icmp   |      0|  0|   11|           8|           2|
    |icmp_ln571_fu_529_p2       |   icmp   |      0|  0|   29|          63|           1|
    |icmp_ln581_fu_541_p2       |   icmp   |      0|  0|   13|          12|           5|
    |icmp_ln582_fu_567_p2       |   icmp   |      0|  0|   13|          12|           5|
    |icmp_ln585_fu_590_p2       |   icmp   |      0|  0|   13|          12|           6|
    |icmp_ln603_fu_595_p2       |   icmp   |      0|  0|   11|           7|           1|
    |icmp_ln70_fu_254_p2        |   icmp   |      0|  0|   13|          11|          11|
    |icmp_ln72_1_fu_295_p2      |   icmp   |      0|  0|   18|          23|           1|
    |icmp_ln72_fu_289_p2        |   icmp   |      0|  0|   11|           8|           2|
    |icmp_ln79_1_fu_372_p2      |   icmp   |      0|  0|   18|          23|           1|
    |icmp_ln79_2_fu_384_p2      |   icmp   |      0|  0|   11|           8|           2|
    |icmp_ln79_3_fu_390_p2      |   icmp   |      0|  0|   18|          23|           1|
    |icmp_ln79_fu_366_p2        |   icmp   |      0|  0|   11|           8|           2|
    |icmp_ln98_fu_746_p2        |   icmp   |      0|  0|   13|           9|           9|
    |icmp_ln99_fu_774_p2        |   icmp   |      0|  0|    9|           3|           4|
    |r_V_fu_939_p2              |   lshr   |      0|  0|   73|          25|          25|
    |or_ln103_fu_834_p2         |    or    |      0|  0|    2|           1|           1|
    |or_ln117_fu_1026_p2        |    or    |      0|  0|    2|           1|           1|
    |or_ln215_fu_451_p2         |    or    |      0|  0|    2|           1|           1|
    |or_ln581_fu_680_p2         |    or    |      0|  0|    2|           1|           1|
    |or_ln582_fu_647_p2         |    or    |      0|  0|    2|           1|           1|
    |or_ln603_1_fu_718_p2       |    or    |      0|  0|    2|           1|           1|
    |or_ln603_2_fu_732_p2       |    or    |      0|  0|    2|           1|           1|
    |or_ln603_fu_705_p2         |    or    |      0|  0|    2|           1|           1|
    |or_ln72_fu_301_p2          |    or    |      0|  0|    2|           1|           1|
    |or_ln79_1_fu_396_p2        |    or    |      0|  0|    2|           1|           1|
    |or_ln79_fu_378_p2          |    or    |      0|  0|    2|           1|           1|
    |grp_fu_223_p1              |  select  |      0|  0|   32|           1|          30|
    |grp_fu_231_p1              |  select  |      0|  0|   32|           1|          30|
    |p_Val2_5_fu_973_p3         |  select  |      0|  0|   32|           1|          32|
    |p_Val2_6_fu_986_p3         |  select  |      0|  0|   32|           1|          32|
    |select_ln117_1_fu_1032_p3  |  select  |      0|  0|    8|           1|           8|
    |select_ln117_fu_1018_p3    |  select  |      0|  0|    9|           1|           9|
    |select_ln570_fu_521_p3     |  select  |      0|  0|   54|           1|          54|
    |select_ln581_fu_559_p3     |  select  |      0|  0|   12|           1|          12|
    |select_ln588_fu_624_p3     |  select  |      0|  0|    2|           1|           2|
    |select_ln603_1_fu_711_p3   |  select  |      0|  0|   32|           1|          32|
    |select_ln603_2_fu_724_p3   |  select  |      0|  0|   32|           1|          32|
    |select_ln603_3_fu_738_p3   |  select  |      0|  0|   32|           1|          32|
    |select_ln603_fu_697_p3     |  select  |      0|  0|   32|           1|          32|
    |select_ln74_fu_323_p3      |  select  |      0|  0|   32|           1|          32|
    |select_ln80_fu_414_p3      |  select  |      0|  0|   32|           1|          32|
    |ush_fu_919_p3              |  select  |      0|  0|    9|           1|           9|
    |r_V_1_fu_945_p2            |    shl   |      0|  0|  243|          79|          79|
    |shl_ln604_fu_632_p2        |    shl   |      0|  0|  101|          32|          32|
    |xor_ln571_fu_637_p2        |    xor   |      0|  0|    2|           1|           2|
    |xor_ln581_fu_685_p2        |    xor   |      0|  0|    2|           1|           2|
    |xor_ln582_fu_651_p2        |    xor   |      0|  0|    2|           1|           2|
    |xor_ln585_fu_662_p2        |    xor   |      0|  0|    2|           1|           2|
    |xor_ln73_fu_313_p2         |    xor   |      0|  0|   33|          32|          33|
    +---------------------------+----------+-------+---+-----+------------+------------+
    |Total                      |          |      0|  0| 1602|         689|         894|
    +---------------------------+----------+-------+---+-----+------------+------------+

    * Multiplexer: 
    +-------------------+-----+-----------+-----+-----------+
    |        Name       | LUT | Input Size| Bits| Total Bits|
    +-------------------+-----+-----------+-----+-----------+
    |ap_NS_fsm          |  193|         44|    1|         44|
    |grp_fu_239_opcode  |   15|          3|    5|         15|
    |grp_fu_239_p0      |   27|          5|   32|        160|
    |grp_fu_239_p1      |   21|          4|   32|        128|
    |j1_0_0_reg_201     |    9|          2|    9|         18|
    |j_0_0_reg_178      |    9|          2|   11|         22|
    |l_0_0_reg_212      |    9|          2|    3|          6|
    |v22_0_address0     |   15|          3|   11|         33|
    |v45_0_reg_189      |    9|          2|   32|         64|
    +-------------------+-----+-----------+-----+-----------+
    |Total              |  307|         67|  136|        490|
    +-------------------+-----+-----------+-----+-----------+

    * Register: 
    +-------------------------+----+----+-----+-----------+
    |           Name          | FF | LUT| Bits| Const Bits|
    +-------------------------+----+----+-----+-----------+
    |add_ln121_reg_1171       |  12|   0|   12|          0|
    |add_ln70_reg_1047        |  11|   0|   11|          0|
    |add_ln98_reg_1143        |   9|   0|    9|          0|
    |add_ln99_reg_1161        |   3|   0|    3|          0|
    |ap_CS_fsm                |  43|   0|   43|          0|
    |icmp_ln103_1_reg_1188    |   1|   0|    1|          0|
    |icmp_ln103_reg_1183      |   1|   0|    1|          0|
    |icmp_ln215_1_reg_1074    |   1|   0|    1|          0|
    |icmp_ln215_reg_1069      |   1|   0|    1|          0|
    |icmp_ln571_reg_1101      |   1|   0|    1|          0|
    |icmp_ln581_reg_1107      |   1|   0|    1|          0|
    |icmp_ln582_reg_1119      |   1|   0|    1|          0|
    |j1_0_0_reg_201           |   9|   0|    9|          0|
    |j_0_0_reg_178            |  11|   0|   11|          0|
    |l_0_0_reg_212            |   3|   0|    3|          0|
    |p_Result_6_reg_1208      |   1|   0|    1|          0|
    |p_Val2_5_reg_1213        |  32|   0|   32|          0|
    |reg_248                  |  32|   0|   32|          0|
    |select_ln117_1_reg_1219  |   8|   0|    8|          0|
    |select_ln570_reg_1096    |  54|   0|   54|          0|
    |select_ln581_reg_1113    |  12|   0|   12|          0|
    |select_ln603_3_reg_1136  |  32|   0|   32|          0|
    |select_ln74_reg_1057     |  32|   0|   32|          0|
    |shl_ln_reg_1148          |   9|   0|   11|          2|
    |tmp_10_reg_1193          |   1|   0|    1|          0|
    |tmp_12_reg_1131          |   7|   0|    7|          0|
    |tmp_8_reg_1079           |   1|   0|    1|          0|
    |trunc_ln583_reg_1125     |  32|   0|   32|          0|
    |v1_reg_1176              |  32|   0|   32|          0|
    |v45_0_reg_189            |  32|   0|   32|          0|
    |v_reg_1089               |  32|   0|   32|          0|
    |x_assign_reg_1203        |  32|   0|   32|          0|
    |zext_ln99_1_reg_1153     |   9|   0|   12|          3|
    +-------------------------+----+----+-----+-----------+
    |Total                    | 498|   0|  503|          5|
    +-------------------------+----+----+-----+-----------+



================================================================
== Interface
================================================================
* Summary: 
+----------------+-----+-----+------------+---------------------+--------------+
|    RTL Ports   | Dir | Bits|  Protocol  |    Source Object    |    C Type    |
+----------------+-----+-----+------------+---------------------+--------------+
|ap_clk          |  in |    1| ap_ctrl_hs | quantize_activation | return value |
|ap_rst          |  in |    1| ap_ctrl_hs | quantize_activation | return value |
|ap_start        |  in |    1| ap_ctrl_hs | quantize_activation | return value |
|ap_done         | out |    1| ap_ctrl_hs | quantize_activation | return value |
|ap_idle         | out |    1| ap_ctrl_hs | quantize_activation | return value |
|ap_ready        | out |    1| ap_ctrl_hs | quantize_activation | return value |
|ap_return       | out |   32| ap_ctrl_hs | quantize_activation | return value |
|v22_0_address0  | out |   11|  ap_memory |        v22_0        |     array    |
|v22_0_ce0       | out |    1|  ap_memory |        v22_0        |     array    |
|v22_0_q0        |  in |   32|  ap_memory |        v22_0        |     array    |
|v24_0_address0  | out |   11|  ap_memory |        v24_0        |     array    |
|v24_0_ce0       | out |    1|  ap_memory |        v24_0        |     array    |
|v24_0_we0       | out |    1|  ap_memory |        v24_0        |     array    |
|v24_0_d0        | out |    8|  ap_memory |        v24_0        |     array    |
+----------------+-----+-----+------------+---------------------+--------------+

