

================================================================
== Vivado HLS Report for 'softmax'
================================================================
* Date:           Thu Nov 28 23:10:24 2024

* Version:        2019.2 (Build 2704478 on Wed Nov 06 22:10:23 MST 2019)
* Project:        out.prj
* Solution:       solution1
* Product family: zynq
* Target device:  xc7z020-clg484-1


================================================================
== Performance Estimates
================================================================
+ Timing: 
    * Summary: 
    +--------+----------+----------+------------+
    |  Clock |  Target  | Estimated| Uncertainty|
    +--------+----------+----------+------------+
    |ap_clk  | 10.00 ns | 8.625 ns |   1.25 ns  |
    +--------+----------+----------+------------+

+ Latency: 
    * Summary: 
    +---------+---------+-----------+----------+------+-------+---------+
    |  Latency (cycles) |  Latency (absolute)  |   Interval   | Pipeline|
    |   min   |   max   |    min    |    max   |  min |  max  |   Type  |
    +---------+---------+-----------+----------+------+-------+---------+
    |     5666|    13922| 56.660 us | 0.139 ms |  5666|  13922|   none  |
    +---------+---------+-----------+----------+------+-------+---------+

    + Detail: 
        * Instance: 
        +------------------------+-------------+---------+---------+-----------+----------+-----+-----+---------+
        |                        |             |  Latency (cycles) |  Latency (absolute)  |  Interval | Pipeline|
        |        Instance        |    Module   |   min   |   max   |    min    |    max   | min | max |   Type  |
        +------------------------+-------------+---------+---------+-----------+----------+-----+-----+---------+
        |grp_pow_32_20_s_fu_223  |pow_32_20_s  |        1|       87| 10.000 ns | 0.870 us |    1|   87|   none  |
        +------------------------+-------------+---------+---------+-----------+----------+-----+-----+---------+

        * Loop: 
        +---------------+---------+---------+-----------+-----------+-----------+------+----------+
        |               |  Latency (cycles) | Iteration |  Initiation Interval  | Trip |          |
        |   Loop Name   |   min   |   max   |  Latency  |  achieved |   target  | Count| Pipelined|
        +---------------+---------+---------+-----------+-----------+-----------+------+----------+
        |- l_S_i_0_i7   |      224|      224|         14|          -|          -|    16|    no    |
        | + l_S_k_0_k4  |       12|       12|          2|          -|          -|     6|    no    |
        |- l_S_i_3_i8   |     5440|    13696| 340 ~ 856 |          -|          -|    16|    no    |
        | + l_S_k_3_k5  |       12|       12|          2|          -|          -|     6|    no    |
        | + l_S_k_4_k6  |       30|      546|   5 ~ 91  |          -|          -|     6|    no    |
        | + l_S_k_5_k7  |      294|      294|         49|          -|          -|     6|    no    |
        +---------------+---------+---------+-----------+-----------+-----------+------+----------+



================================================================
== Utilization Estimates
================================================================
* Summary: 
+-----------------+---------+-------+--------+-------+-----+
|       Name      | BRAM_18K| DSP48E|   FF   |  LUT  | URAM|
+-----------------+---------+-------+--------+-------+-----+
|DSP              |        -|      -|       -|      -|    -|
|Expression       |        -|      -|       0|    354|    -|
|FIFO             |        -|      -|       -|      -|    -|
|Instance         |       28|     52|   10336|   6907|    -|
|Memory           |        -|      -|       -|      -|    -|
|Multiplexer      |        -|      -|       -|    392|    -|
|Register         |        -|      -|     337|      -|    -|
+-----------------+---------+-------+--------+-------+-----+
|Total            |       28|     52|   10673|   7653|    0|
+-----------------+---------+-------+--------+-------+-----+
|Available        |      280|    220|  106400|  53200|    0|
+-----------------+---------+-------+--------+-------+-----+
|Utilization (%)  |       10|     23|      10|     14|    0|
+-----------------+---------+-------+--------+-------+-----+

+ Detail: 
    * Instance: 
    +--------------------------+----------------------+---------+-------+------+------+-----+
    |         Instance         |        Module        | BRAM_18K| DSP48E|  FF  |  LUT | URAM|
    +--------------------------+----------------------+---------+-------+------+------+-----+
    |attention_sdiv_44Bew_U78  |attention_sdiv_44Bew  |        0|      0|   539|   326|    0|
    |grp_pow_32_20_s_fu_223    |pow_32_20_s           |       28|     52|  9797|  6581|    0|
    +--------------------------+----------------------+---------+-------+------+------+-----+
    |Total                     |                      |       28|     52| 10336|  6907|    0|
    +--------------------------+----------------------+---------+-------+------+------+-----+

    * DSP48E: 
    N/A

    * Memory: 
    N/A

    * FIFO: 
    N/A

    * Expression: 
    +------------------------+----------+-------+---+----+------------+------------+
    |      Variable Name     | Operation| DSP48E| FF| LUT| Bitwidth P0| Bitwidth P1|
    +------------------------+----------+-------+---+----+------------+------------+
    |add_ln369_fu_295_p2     |     +    |      0|  0|  12|           3|           1|
    |add_ln370_fu_305_p2     |     +    |      0|  0|  15|           8|           8|
    |add_ln379_fu_359_p2     |     +    |      0|  0|  12|           3|           1|
    |add_ln380_fu_369_p2     |     +    |      0|  0|  15|           8|           8|
    |add_ln390_fu_399_p2     |     +    |      0|  0|  12|           3|           1|
    |add_ln391_fu_409_p2     |     +    |      0|  0|  15|           8|           8|
    |add_ln401_fu_441_p2     |     +    |      0|  0|  12|           3|           1|
    |add_ln402_fu_451_p2     |     +    |      0|  0|  15|           8|           8|
    |add_ln703_fu_429_p2     |     +    |      0|  0|  39|          32|          32|
    |i7_fu_257_p2            |     +    |      0|  0|  15|           5|           1|
    |i8_fu_321_p2            |     +    |      0|  0|  15|           5|           1|
    |sub_ln370_fu_283_p2     |     -    |      0|  0|  15|           8|           8|
    |sub_ln380_fu_347_p2     |     -    |      0|  0|  15|           8|           8|
    |sub_ln703_fu_423_p2     |     -    |      0|  0|  39|          32|          32|
    |icmp_ln1494_fu_379_p2   |   icmp   |      0|  0|  18|          32|          32|
    |icmp_ln367_fu_251_p2    |   icmp   |      0|  0|  11|           5|           6|
    |icmp_ln369_fu_289_p2    |   icmp   |      0|  0|   9|           3|           3|
    |icmp_ln375_fu_315_p2    |   icmp   |      0|  0|  11|           5|           6|
    |icmp_ln379_fu_353_p2    |   icmp   |      0|  0|   9|           3|           3|
    |icmp_ln390_fu_393_p2    |   icmp   |      0|  0|   9|           3|           3|
    |icmp_ln401_fu_435_p2    |   icmp   |      0|  0|   9|           3|           3|
    |select_ln383_fu_385_p3  |  select  |      0|  0|  32|           1|          32|
    +------------------------+----------+-------+---+----+------------+------------+
    |Total                   |          |      0|  0| 354|         189|         206|
    +------------------------+----------+-------+---+----+------------+------------+

    * Multiplexer: 
    +-------------------+-----+-----------+-----+-----------+
    |        Name       | LUT | Input Size| Bits| Total Bits|
    +-------------------+-----+-----------+-----+-----------+
    |ap_NS_fsm          |  261|         61|    1|         61|
    |i7_0_reg_133       |    9|          2|    5|         10|
    |i8_0_reg_155       |    9|          2|    5|         10|
    |k4_0_0_reg_144     |    9|          2|    3|          6|
    |k5_0_0_reg_178     |    9|          2|    3|          6|
    |k6_0_0_reg_201     |    9|          2|    3|          6|
    |k7_0_0_reg_212     |    9|          2|    3|          6|
    |v214_0_V_address0  |   38|          7|    7|         49|
    |v214_0_V_d0        |   21|          4|   32|        128|
    |v224_V_0_reg_166   |    9|          2|   32|         64|
    |v234_V_0_reg_189   |    9|          2|   32|         64|
    +-------------------+-----+-----------+-----+-----------+
    |Total              |  392|         88|  126|        410|
    +-------------------+-----+-----------+-----+-----------+

    * Register: 
    +-------------------------------------+----+----+-----+-----------+
    |                 Name                | FF | LUT| Bits| Const Bits|
    +-------------------------------------+----+----+-----+-----------+
    |add_ln369_reg_495                    |   3|   0|    3|          0|
    |add_ln379_reg_528                    |   3|   0|    3|          0|
    |add_ln390_reg_546                    |   3|   0|    3|          0|
    |add_ln401_reg_574                    |   3|   0|    3|          0|
    |ap_CS_fsm                            |  60|   0|   60|          0|
    |grp_pow_32_20_s_fu_223_ap_start_reg  |   1|   0|    1|          0|
    |i7_0_reg_133                         |   5|   0|    5|          0|
    |i7_reg_482                           |   5|   0|    5|          0|
    |i8_0_reg_155                         |   5|   0|    5|          0|
    |i8_reg_513                           |   5|   0|    5|          0|
    |k4_0_0_reg_144                       |   3|   0|    3|          0|
    |k5_0_0_reg_178                       |   3|   0|    3|          0|
    |k6_0_0_reg_201                       |   3|   0|    3|          0|
    |k7_0_0_reg_212                       |   3|   0|    3|          0|
    |sext_ln1148_reg_556                  |  44|   0|   44|          0|
    |sext_ln370_reg_500                   |  64|   0|   64|          0|
    |sub_ln370_reg_487                    |   7|   0|    8|          1|
    |sub_ln380_reg_518                    |   7|   0|    8|          1|
    |sub_ln703_reg_561                    |  32|   0|   32|          0|
    |v214_0_V_addr_2_reg_551              |   7|   0|    7|          0|
    |v214_0_V_addr_3_reg_579              |   7|   0|    7|          0|
    |v224_V_0_reg_166                     |  32|   0|   32|          0|
    |v234_V_0_reg_189                     |  32|   0|   32|          0|
    +-------------------------------------+----+----+-----+-----------+
    |Total                                | 337|   0|  339|          2|
    +-------------------------------------+----+----+-----+-----------+



================================================================
== Interface
================================================================
* Summary: 
+-------------------+-----+-----+------------+--------------+--------------+
|     RTL Ports     | Dir | Bits|  Protocol  | Source Object|    C Type    |
+-------------------+-----+-----+------------+--------------+--------------+
|ap_clk             |  in |    1| ap_ctrl_hs |    softmax   | return value |
|ap_rst             |  in |    1| ap_ctrl_hs |    softmax   | return value |
|ap_start           |  in |    1| ap_ctrl_hs |    softmax   | return value |
|ap_done            | out |    1| ap_ctrl_hs |    softmax   | return value |
|ap_idle            | out |    1| ap_ctrl_hs |    softmax   | return value |
|ap_ready           | out |    1| ap_ctrl_hs |    softmax   | return value |
|v213_0_V_address0  | out |    7|  ap_memory |   v213_0_V   |     array    |
|v213_0_V_ce0       | out |    1|  ap_memory |   v213_0_V   |     array    |
|v213_0_V_q0        |  in |   32|  ap_memory |   v213_0_V   |     array    |
|v214_0_V_address0  | out |    7|  ap_memory |   v214_0_V   |     array    |
|v214_0_V_ce0       | out |    1|  ap_memory |   v214_0_V   |     array    |
|v214_0_V_we0       | out |    1|  ap_memory |   v214_0_V   |     array    |
|v214_0_V_d0        | out |   32|  ap_memory |   v214_0_V   |     array    |
|v214_0_V_q0        |  in |   32|  ap_memory |   v214_0_V   |     array    |
+-------------------+-----+-----+------------+--------------+--------------+

