

================================================================
== Vivado HLS Report for 'dut'
================================================================
* Date:           Fri Dec  6 23:28:38 2024

* Version:        2019.2 (Build 2704478 on Wed Nov 06 22:10:23 MST 2019)
* Project:        attention_4th.prj
* Solution:       solution1
* Product family: zynq
* Target device:  xc7z020-clg484-1


================================================================
== Performance Estimates
================================================================
+ Timing: 
    * Summary: 
    +--------+----------+----------+------------+
    |  Clock |  Target  | Estimated| Uncertainty|
    +--------+----------+----------+------------+
    |ap_clk  | 10.00 ns | 8.750 ns |   1.25 ns  |
    +--------+----------+----------+------------+

+ Latency: 
    * Summary: 
    +---------+---------+----------+----------+-------+-------+---------+
    |  Latency (cycles) |  Latency (absolute) |    Interval   | Pipeline|
    |   min   |   max   |    min   |    max   |  min  |  max  |   Type  |
    +---------+---------+----------+----------+-------+-------+---------+
    |    74621|    74621| 0.746 ms | 0.746 ms |  74621|  74621|   none  |
    +---------+---------+----------+----------+-------+-------+---------+

    + Detail: 
        * Instance: 
        +----------------------+-----------+---------+---------+----------+----------+-------+-------+---------+
        |                      |           |  Latency (cycles) |  Latency (absolute) |    Interval   | Pipeline|
        |       Instance       |   Module  |   min   |   max   |    min   |    max   |  min  |  max  |   Type  |
        +----------------------+-----------+---------+---------+----------+----------+-------+-------+---------+
        |grp_attention_fu_269  |attention  |    73466|    73466| 0.735 ms | 0.735 ms |  73466|  73466|   none  |
        +----------------------+-----------+---------+---------+----------+----------+-------+-------+---------+

        * Loop: 
        +----------+---------+---------+----------+-----------+-----------+------+----------+
        |          |  Latency (cycles) | Iteration|  Initiation Interval  | Trip |          |
        | Loop Name|   min   |   max   |  Latency |  achieved |   target  | Count| Pipelined|
        +----------+---------+---------+----------+-----------+-----------+------+----------+
        |- Loop 1  |      384|      384|         1|          -|          -|   384|    no    |
        |- Loop 2  |      768|      768|         2|          -|          -|   384|    no    |
        +----------+---------+---------+----------+-----------+-----------+------+----------+



================================================================
== Utilization Estimates
================================================================
* Summary: 
+-----------------+---------+-------+--------+-------+-----+
|       Name      | BRAM_18K| DSP48E|   FF   |  LUT  | URAM|
+-----------------+---------+-------+--------+-------+-----+
|DSP              |        -|      -|       -|      -|    -|
|Expression       |        -|      -|       0|     58|    -|
|FIFO             |        -|      -|       -|      -|    -|
|Instance         |      235|    207|   26901|  41730|    0|
|Memory           |        5|      -|       0|      0|    0|
|Multiplexer      |        -|      -|       -|    177|    -|
|Register         |        -|      -|      33|      -|    -|
+-----------------+---------+-------+--------+-------+-----+
|Total            |      240|    207|   26934|  41965|    0|
+-----------------+---------+-------+--------+-------+-----+
|Available        |      280|    220|  106400|  53200|    0|
+-----------------+---------+-------+--------+-------+-----+
|Utilization (%)  |       85|     94|      25|     78|    0|
+-----------------+---------+-------+--------+-------+-----+

+ Detail: 
    * Instance: 
    +----------------------+-----------+---------+-------+-------+-------+-----+
    |       Instance       |   Module  | BRAM_18K| DSP48E|   FF  |  LUT  | URAM|
    +----------------------+-----------+---------+-------+-------+-------+-----+
    |grp_attention_fu_269  |attention  |      235|    207|  26901|  41730|    0|
    +----------------------+-----------+---------+-------+-------+-------+-----+
    |Total                 |           |      235|    207|  26901|  41730|    0|
    +----------------------+-----------+---------+-------+-------+-------+-----+

    * DSP48E: 
    N/A

    * Memory: 
    +-------------+----------------------+---------+---+----+-----+------+-----+------+-------------+
    |    Memory   |        Module        | BRAM_18K| FF| LUT| URAM| Words| Bits| Banks| W*Bits*Banks|
    +-------------+----------------------+---------+---+----+-----+------+-----+------+-------------+
    |output_0_U   |apply_rotary_pos_hbi  |        2|  0|   0|    0|   384|   38|     1|        14592|
    |input_0_V_U  |dut_input_0_V         |        3|  0|   0|    0|   384|   38|     1|        14592|
    +-------------+----------------------+---------+---+----+-----+------+-----+------+-------------+
    |Total        |                      |        5|  0|   0|    0|   768|   76|     2|        29184|
    +-------------+----------------------+---------+---+----+-----+------+-----+------+-------------+

    * FIFO: 
    N/A

    * Expression: 
    +---------------------+----------+-------+---+----+------------+------------+
    |    Variable Name    | Operation| DSP48E| FF| LUT| Bitwidth P0| Bitwidth P1|
    +---------------------+----------+-------+---+----+------------+------------+
    |add_ln19_fu_433_p2   |     +    |      0|  0|  15|           9|           1|
    |add_ln51_fu_463_p2   |     +    |      0|  0|  15|           9|           1|
    |ap_block_state2      |    and   |      0|  0|   2|           1|           1|
    |icmp_ln19_fu_427_p2  |   icmp   |      0|  0|  13|           9|           9|
    |icmp_ln51_fu_457_p2  |   icmp   |      0|  0|  13|           9|           9|
    +---------------------+----------+-------+---+----+------------+------------+
    |Total                |          |      0|  0|  58|          37|          21|
    +---------------------+----------+-------+---+----+------------+------------+

    * Multiplexer: 
    +--------------------+----+-----------+-----+-----------+
    |        Name        | LUT| Input Size| Bits| Total Bits|
    +--------------------+----+-----------+-----+-----------+
    |ap_NS_fsm           |  33|          6|    1|          6|
    |input_0_V_address0  |  15|          3|    9|         27|
    |input_0_V_ce0       |  15|          3|    1|          3|
    |input_0_V_ce1       |   9|          2|    1|          2|
    |input_0_V_d0        |  15|          3|   38|        114|
    |input_0_V_we0       |  15|          3|    1|          3|
    |j9_0_0_reg_258      |   9|          2|    9|         18|
    |j_0_0_reg_247       |   9|          2|    9|         18|
    |output_0_address0   |  15|          3|    9|         27|
    |output_0_ce0        |  15|          3|    1|          3|
    |output_0_we0        |   9|          2|    1|          2|
    |strm_in_V_V_blk_n   |   9|          2|    1|          2|
    |strm_out_V_V_blk_n  |   9|          2|    1|          2|
    +--------------------+----+-----------+-----+-----------+
    |Total               | 177|         36|   82|        227|
    +--------------------+----+-----------+-----+-----------+

    * Register: 
    +-----------------------------------+---+----+-----+-----------+
    |                Name               | FF| LUT| Bits| Const Bits|
    +-----------------------------------+---+----+-----+-----------+
    |add_ln51_reg_496                   |  9|   0|    9|          0|
    |ap_CS_fsm                          |  5|   0|    5|          0|
    |grp_attention_fu_269_ap_start_reg  |  1|   0|    1|          0|
    |j9_0_0_reg_258                     |  9|   0|    9|          0|
    |j_0_0_reg_247                      |  9|   0|    9|          0|
    +-----------------------------------+---+----+-----+-----------+
    |Total                              | 33|   0|   33|          0|
    +-----------------------------------+---+----+-----+-----------+



================================================================
== Interface
================================================================
* Summary: 
+---------------------+-----+-----+------------+--------------+--------------+
|      RTL Ports      | Dir | Bits|  Protocol  | Source Object|    C Type    |
+---------------------+-----+-----+------------+--------------+--------------+
|ap_clk               |  in |    1| ap_ctrl_hs |      dut     | return value |
|ap_rst               |  in |    1| ap_ctrl_hs |      dut     | return value |
|ap_start             |  in |    1| ap_ctrl_hs |      dut     | return value |
|ap_done              | out |    1| ap_ctrl_hs |      dut     | return value |
|ap_idle              | out |    1| ap_ctrl_hs |      dut     | return value |
|ap_ready             | out |    1| ap_ctrl_hs |      dut     | return value |
|strm_in_V_V_dout     |  in |   32|   ap_fifo  |  strm_in_V_V |    pointer   |
|strm_in_V_V_empty_n  |  in |    1|   ap_fifo  |  strm_in_V_V |    pointer   |
|strm_in_V_V_read     | out |    1|   ap_fifo  |  strm_in_V_V |    pointer   |
|strm_out_V_V_din     | out |   32|   ap_fifo  | strm_out_V_V |    pointer   |
|strm_out_V_V_full_n  |  in |    1|   ap_fifo  | strm_out_V_V |    pointer   |
|strm_out_V_V_write   | out |    1|   ap_fifo  | strm_out_V_V |    pointer   |
+---------------------+-----+-----+------------+--------------+--------------+

